------------------------------------------------------------
Timing Analyzer Summary
------------------------------------------------------------

Type  : Slow 1100mV 85C Model Setup 'clk'
Slack : 13.343
TNS   : 0.000

Type  : Slow 1100mV 85C Model Hold 'clk'
Slack : 0.426
TNS   : 0.000

Type  : Slow 1100mV 85C Model Minimum Pulse Width 'clk'
Slack : 99.290
TNS   : 0.000

Type  : Slow 1100mV 0C Model Setup 'clk'
Slack : 14.009
TNS   : 0.000

Type  : Slow 1100mV 0C Model Hold 'clk'
Slack : 0.437
TNS   : 0.000

Type  : Slow 1100mV 0C Model Minimum Pulse Width 'clk'
Slack : 99.186
TNS   : 0.000

Type  : Fast 1100mV 85C Model Setup 'clk'
Slack : 102.299
TNS   : 0.000

Type  : Fast 1100mV 85C Model Hold 'clk'
Slack : 0.179
TNS   : 0.000

Type  : Fast 1100mV 85C Model Minimum Pulse Width 'clk'
Slack : 99.423
TNS   : 0.000

Type  : Fast 1100mV 0C Model Setup 'clk'
Slack : 112.032
TNS   : 0.000

Type  : Fast 1100mV 0C Model Hold 'clk'
Slack : 0.171
TNS   : 0.000

Type  : Fast 1100mV 0C Model Minimum Pulse Width 'clk'
Slack : 99.422
TNS   : 0.000

------------------------------------------------------------
